// Jest Snapshot v1, https://goo.gl/fbAQLP

exports[`PokemonPage component Should match with snapshot when pokemons load 1`] = `
<div>
  <h1>¿Quién es este Pokémon?</h1>
  <pokemon-image-stub pokemonid="1" showpokemon="false"></pokemon-image-stub>
  <pokemon-options-stub pokemons="[object Object],[object Object],[object Object],[object Object]"></pokemon-options-stub>
  <!--v-if-->
</div>
`;
